// Jest Snapshot v1, https://goo.gl/fbAQLP

exports[`Homepage renders homepage unchanged 1`] = `
<div>
  <div />
</div>
`;
